first_event: 1420340400
last_event: 1420340400
online:
  Offlinegott: [9f352de0-b533-425c-9435-89b918ae4602, 1420095600, 1]
  Ulexos: [a1d94087-e9c0-412f-b90f-cff2c224d44f, 1420171200, 1]
started: false
stopped: null
times: []
