first_event: 1420362578
last_event: 1420376400
online: {}
started: true
stopped: true
times:
- [9f352de0-b533-425c-9435-89b918ae4602, 1420095600, 1420340400, Offlinegott]
- [a1d94087-e9c0-412f-b90f-cff2c224d44f, 1420171200, 1420340400, Ulexos]
- [808e727f-895a-4ac2-b246-4b6da2ca9451, 1420365600, 1420372800, HHL]
- [a1d94087-e9c0-412f-b90f-cff2c224d44f, 1420369200, 1420376400, Ulexos]
